**********************
Windows PowerShell 脚本开始
开始时间: 20261007205848
用户名: LAPTOP-H9LGK1ED\3721
RunAs 用户: LAPTOP-H9LGK1ED\3721
配置名称: 
计算机: LAPTOP-H9LGK1ED (Microsoft Windows NT 10.0.26200.0)
主机应用程序: C:\WINDOWS\System32\WindowsPowerShell\v1.0\powershell.exe -ExecutionPolicy Bypass -File .\run_final_protocol.ps1
进程 ID: 3060
PSVersion: 5.1.26100.9444
PSEdition: Desktop
PSCompatibleVersions: 1.0, 2.0, 3.0, 4.0, 5.0, 5.1.26100.9444
BuildVersion: 10.0.26100.9444
CLRVersion: 4.0.30319.42000
WSManStackVersion: 3.0
PSRemotingProtocolVersion: 2.3
SerializationVersion: 1.1.0.1
**********************

===== 浠ｇ爜娴嬭瘯 =====


===== 鏈枃鏂规硶 10 seeds =====

PS>TerminatingError():“管道已被停止。”
>> TerminatingError():“管道已被停止。”
**********************
Windows PowerShell 脚本结束
结束时间: 20261007210418
**********************
**********************
Windows PowerShell 脚本开始
开始时间: 20261007210906
用户名: LAPTOP-H9LGK1ED\3721
RunAs 用户: LAPTOP-H9LGK1ED\3721
配置名称: 
计算机: LAPTOP-H9LGK1ED (Microsoft Windows NT 10.0.26200.0)
主机应用程序: C:\WINDOWS\System32\WindowsPowerShell\v1.0\powershell.exe -ExecutionPolicy Bypass -File .\run_final_protocol.ps1
进程 ID: 33764
PSVersion: 5.1.26100.9444
PSEdition: Desktop
PSCompatibleVersions: 1.0, 2.0, 3.0, 4.0, 5.0, 5.1.26100.9444
BuildVersion: 10.0.26100.9444
CLRVersion: 4.0.30319.42000
WSManStackVersion: 3.0
PSRemotingProtocolVersion: 2.3
SerializationVersion: 1.1.0.1
**********************

===== pytest =====


===== proposed method (10 seeds) =====


===== official baselines (10 seeds) =====


===== conflict ablation (10 seeds) =====


===== conflict ablation statistics =====


===== JSBSim zero-shot validation =====


===== All final protocol experiments completed =====
Unified result directory: D:\project\vsproject\Aircraft\results\final_protocol_20261007
Main table: results\final_protocol_20261007\official_10seed\summary.json
Conflict ablation: results\final_protocol_20261007\conflict_10seed\statistical_summary\summary.json
JSBSim: results\final_protocol_20261007\jsbsim_10seed\summary.json
**********************
Windows PowerShell 脚本结束
结束时间: 20261007223821
**********************
